[pnbone@retdrbastion ~]$ nmap --script ssl-enum-ciphers -p 443 pnbone-prod-retail.hcpdc.obc.co.in  -Pn
Starting Nmap 7.92 ( https://nmap.org ) at 2025-09-20 12:37 IST
Nmap scan report for pnbone-prod-retail.hcpdc.obc.co.in (10.209.19.87)
Host is up (0.0017s latency).
Other addresses for pnbone-prod-retail.hcpdc.obc.co.in (not scanned): 10.209.19.84 10.209.19.85 10.209.19.86
rDNS record for 10.209.19.87: dr-retail-prod.dr-pnbone-prod-retail.hcpdc.obc.co.in

PORT    STATE SERVICE
443/tcp open  https
| ssl-enum-ciphers:
|   TLSv1.2:
|     ciphers:
|       TLS_DHE_RSA_WITH_AES_256_CBC_SHA (dh 2048) - A
|       TLS_DHE_RSA_WITH_AES_128_CBC_SHA (dh 2048) - A
|       TLS_RSA_WITH_AES_128_CBC_SHA (rsa 2048) - A
|       TLS_RSA_WITH_AES_256_CBC_SHA (rsa 2048) - A
|     compressors:
|       NULL
|     cipher preference: server
|   TLSv1.3:
|     ciphers:
|       TLS_AKE_WITH_AES_128_GCM_SHA256 (secp256r1) - A
|     cipher preference: indeterminate
|     cipher preference error: Too few ciphers supported
|_  least strength: A

Nmap done: 1 IP address (1 host up) scanned in 0.30 seconds
[pnbone@retdrbastion ~]$

[pnbone@retdcbastion busy]$ nmap --script ssl-enum-ciphers -p 443 pnbone-01.hcpdr.obc.co.in -Pn
Starting Nmap 7.92 ( https://nmap.org ) at 2025-09-20 12:32 IST
Nmap scan report for pnbone-01.hcpdr.obc.co.in (10.192.30.191)
Host is up (0.0044s latency).
Other addresses for pnbone-01.hcpdr.obc.co.in (not scanned): 10.192.30.194 10.192.30.193 10.192.30.192
rDNS record for 10.192.30.191: *.hcpdr.obc.co.in

PORT    STATE SERVICE
443/tcp open  https
| ssl-enum-ciphers:
|   TLSv1.2:
|     ciphers:
|       TLS_DHE_RSA_WITH_AES_256_CBC_SHA (dh 2048) - A
|       TLS_DHE_RSA_WITH_AES_128_CBC_SHA (dh 2048) - A
|       TLS_RSA_WITH_AES_128_CBC_SHA (rsa 2048) - A
|       TLS_RSA_WITH_AES_256_CBC_SHA (rsa 2048) - A
|     compressors:
|       NULL
|     cipher preference: server
|_  least strength: A

Nmap done: 1 IP address (1 host up) scanned in 0.50 seconds
[pnbone@retdcbastion busy]$

=================================================================
https://access.redhat.com/articles/5348961
=================================================================


Port 10250 is used by the Kubelet in Kubernetes for internal API communication. It typically serves:

Health checks

Pod logs

Exec and attach commands

Metrics and status queries

This traffic is not browser-based, and HSTS (HTTP Strict Transport Security) is a browser security feature. HSTS only applies to HTTPS web traffic accessed via browsers — not to internal service-to-service communication over TCP or REST APIs used by Kubernetes components.
                    
=======================================================
ssh-ed25519 AAAAC3NzaC1lZDI1NTE5AAAAILOs19s+4Br+227jjA8oCjglCdCtbaQhWMYl+BzYcg7s pnb\v-01010033@HO39990FIN00023
====================================
S.No.

Date

Division

System / Process

QSA Comments

4

17-09-2025

DBTD

PNB ONE BIZ

 

OCP – Hardening evidence will be required as per https://community.ibm.com/community/user/blogs/paul-bastide/2023/11/21/configuring-a-pci-dss-compliant-openshift-containe

==============================================================================================
https://docs.redhat.com/en/documentation/openshift_container_platform/4.18/html/security_and_compliance/file-integrity-operator#troubleshooting-file-integrity-operator

[oneadmin@bastion ~]$ oc get fileintegritynodestatuses.fileintegrity.openshift.io -n openshift-file-integrity
[oneadmin@bastion ~]$ oc get fileintegrities.fileintegrity.openshift.io -n openshift-file-integrity
NAME                  AGE
fileintegrity         21h
infra-fileintegrity   19h
[oneadmin@bastion ~]$
[oneadmin@bastion ~]$ oc get fileintegritynodestatuses.fileintegrity.openshift.io -n openshift-file-integrity
NAME                                        NODE                          STATUS
fileintegrity-worker1.nonprod.mypnbone.in   worker1.nonprod.mypnbone.in   Failed
fileintegrity-worker2.nonprod.mypnbone.in   worker2.nonprod.mypnbone.in   Succeeded
fileintegrity-worker3.nonprod.mypnbone.in   worker3.nonprod.mypnbone.in   Succeeded
fileintegrity-worker4.nonprod.mypnbone.in   worker4.nonprod.mypnbone.in   Succeeded
fileintegrity-worker5.nonprod.mypnbone.in   worker5.nonprod.mypnbone.in   Succeeded
[oneadmin@bastion ~]$
[oneadmin@bastion ~]$ oc get fileintegritynodestatuses.fileintegrity.openshift.io/fileintegrity-worker1.nonprod.mypnbone.in -n openshift-file-integrity -ojsonpath='{.results}' | jq -r
[
  {
    "condition": "Succeeded",
    "lastProbeTime": "2025-09-26T07:22:48Z"
  },
  {
    "condition": "Failed",
    "filesChanged": 1,
    "lastProbeTime": "2025-09-26T07:28:15Z",
    "resultConfigMapName": "aide-fileintegrity-worker1.nonprod.mypnbone.in-failed",
    "resultConfigMapNamespace": "openshift-file-integrity"
  }
]
[oneadmin@bastion ~]$
[oneadmin@bastion ~]$ oc describe cm aide-fileintegrity-worker1.nonprod.mypnbone.in-failed  -n openshift-file-integrity
Name:         aide-fileintegrity-worker1.nonprod.mypnbone.in-failed
Namespace:    openshift-file-integrity
Labels:       file-integrity.openshift.io/node=worker1.nonprod.mypnbone.in
              file-integrity.openshift.io/owner=fileintegrity
              file-integrity.openshift.io/result-log=
Annotations:  file-integrity.openshift.io/files-added: 0
              file-integrity.openshift.io/files-changed: 1
              file-integrity.openshift.io/files-removed: 0

Data
====
integritylog:
----
Start timestamp: 2025-09-26 07:28:35 +0000 (AIDE 0.16)
AIDE found differences between database and filesystem!!

Summary:
  Total number of entries:  36247
  Added entries:              0
  Removed entries:            0
  Changed entries:            1

---------------------------------------------------
Changed entries:
---------------------------------------------------

f   ...    .C... : /hostroot/etc/resolv.conf

---------------------------------------------------
Detailed information about changes:
---------------------------------------------------

File: /hostroot/etc/resolv.conf
  SHA512   : soG6u6KB+Jdb0jD8zj87m5RGrFRgRNV5 | PxPKqw9nsunZbaV3kzkcA9VBsZfZ5o/E
             aD5upRmki+weH03IwEUVPFEsq09oikD4 | 1IoayvwXBfiqnew30noSBlsBVdNOC7Dk
             4l4VFRZUq5EBrX+XT4ivBA==         | ZtQpTcR93nvSZcj7GurOYQ==


---------------------------------------------------
The attributes of the (uncompressed) database(s):
---------------------------------------------------

/hostroot/etc/kubernetes/aide.db.gz
  MD5      : jGJswDbetI4+5BXT5K3PCQ==
  SHA1     : otHStcS1C8gpLxboiXqjmNQgQK0=
  RMD160   : PrjQ5/pJQpnjIYuJk/zsjZEIuUY=
  TIGER    : yDt/6DiLtzDElcL59/T7vc29Mku1DPgR
  SHA256   : 3AToUHGIxH7TKJeH5lzCYVOOPS6UP+HI
             9JmakKI1KOo=
  SHA512   : 88elRmTHqHoIjJ1GWag34UBn401o33Kk
             q7CHcXfWW1KbMuIWeBqog7YOcZCa/X4D
             /UH+Nu8zDU7FjrV3DSElsw==


End timestamp: 2025-09-26 07:29:39 +0000 (run time: 1m 4s)


BinaryData
====

Events:  <none>
[oneadmin@bastion ~]$
[oneadmin@bastion ~]$ oc get fileintegritynodestatuses.fileintegrity.openshift.io -n openshift-file-integrity -o json | jq '.items[] | {node: .nodeName, status: .status, results: .results}'
